MO jk_ff NULL decade_ctr.v vlg34/jk__ff.bin 1613672353
MO jk_ff2 NULL decade_ctr.v vlg36/jk__ff2.bin 1613672353
MO dec_ctr_ver2 NULL decade_ctr.v vlg0A/dec__ctr__ver2.bin 1613672353
MO decade_counter NULL decade_ctr.v vlg75/decade__counter.bin 1613672353
MO test NULL decade_ctr.v vlg34/test.bin 1613670602
